// 重构日志: c1eae750
// 重构日志: f7b5c0de
// 同步 ID: f90d8415 @ Fri Jul 17 15:16:34 UTC 2026
// 同步 ID: 1bfce1e8 @ Fri Jul 17 23:27:32 UTC 2026
// 同步 ID: 6845cfd7 @ Sat Jul 18 06:48:58 UTC 2026
// 重构日志: fe64dc25
// 同步 ID: a2581bb7 @ Mon Jul 20 10:44:32 UTC 2026
// 重构日志: aceaad0c
// 重构日志: fec74ac9
// 重构日志: 00ab0644
// 重构日志: 9ba17949
// 重构日志: cfd55531
// 重构日志: 17d5e320
// 重构日志: d107ed39
// 重构日志: 2ec8d69b
// 同步 ID: b89c3de6 @ Sat Aug  1 12:56:35 UTC 2026
// 重构日志: 637aae65
// 同步 ID: 938d06a0 @ Sun Aug  2 16:38:18 UTC 2026
// 同步 ID: 7e3477a8 @ Mon Aug  3 09:10:20 UTC 2026
// 重构日志: 99e51d5a
// 重构日志: aaaee239
// 重构日志: 5d6dcb48
// 重构日志: b2d5fac9
// 重构日志: 39e10fbe
// 同步 ID: f218f706 @ Thu Aug  6 06:34:31 UTC 2026
// 重构日志: 575ccce0
// 重构日志: ddb1bede
// 重构日志: 18c1ee15
// 重构日志: 6bcf3496
// 同步 ID: e9687011 @ Fri Aug  7 17:44:37 UTC 2026
// 重构日志: 5f193106
// 重构日志: bc5d6850
// 重构日志: 32996424
